// Jest Snapshot v1, https://goo.gl/fbAQLP

exports[`Routes component renders correctly 1`] = `
<nav
  class="sc-AxjAm ddzPpr"
>
  <ul
    class="sc-AxirZ fvpbAG"
  >
    <li
      class="sc-AxiKw gmGsig"
    >
      <a
        href="/"
      >
        Home
      </a>
    </li>
    <li
      class="sc-AxiKw gmGsig"
    >
      <a
        href="/register-tenant"
      >
        Register
      </a>
    </li>
  </ul>
</nav>
`;
