// Jest Snapshot v1, https://goo.gl/fbAQLP

exports[`Home page renders correctly 1`] = `
<div
  class="sc-AxirZ ewCydr"
>
  <div
    class="sc-AxiKw jhjbZV"
  >
    <div
      aria-valuemax="100"
      aria-valuemin="0"
      aria-valuenow="0"
      class="sc-fzpans eQbzcd"
      role="progressbar"
      value="0"
    />
  </div>
</div>
`;
